using System.Collections.Generic;
using System.Linq;
using AutoMapper;
using Blah.Core.Common.Persistence;
using Blah.Core.Domain.Model;
using Blah.Web.Common.AutoMapper;
using Blah.Web.Models;
using MvcContrib.Pagination;
using Xunit;
using Ploeh.AutoFixture;

namespace Blah.Test.Common.AutoMapper
{
    public class CreateBookAutoMapperTests
    {
        private readonly IFixture fixture;
        private readonly AutoMapperConfiguration autoMapperConfiguration;

        public CreateBookAutoMapperTests()
        {
            fixture = new Fixture().Customize(new AutoFixtureCustomization());
            autoMapperConfiguration = new AutoMapperConfiguration();
            autoMapperConfiguration.Configure();
        }

        [Fact]
        public void ShouldMapBookToViewModel()
        {
            var book = fixture.CreateAnonymous<Book>();
            var viewModel = Mapper.Map<Book, CreateBookViewModel>(book);

            Assert.Equal(book.Id, viewModel.Id);
            Assert.Equal(book.Name, viewModel.Name);
        }

        [Fact]
        public void ShouldMapViewModelToBook()
        {
            var viewModel = fixture.CreateAnonymous<CreateBookViewModel>();
            var book = Mapper.Map<CreateBookViewModel, Book>(viewModel);

            Assert.Equal(viewModel.Id, book.Id);
            Assert.Equal(viewModel.Name, book.Name);
        }

        [Fact]
        public void ShouldMapPageToPagination()
        {
            var page = new Page<Book>(new List<Book>{new Book(), new Book()}, 3, 10, 300);
            var pagination = Mapper.Map<Page<Book>, IPagination<CreateBookViewModel>>(page);

            Assert.Equal(page.PageNumber, pagination.PageNumber);
            Assert.Equal(page.PageSize, pagination.PageSize);
            Assert.Equal(page.TotalItemCount, pagination.TotalItems);
            Assert.Equal(page.Items.Count(), pagination.Count());
        }
    }
}
