@model Blah.Web.Models.CreateBookViewModel
           
@{
    ViewBag.Title = "Create";
    Layout = "~/Views/Shared/_Layout.cshtml";
}

<script src="@Url.Content("~/Scripts/jquery.validate.min.js")" type="text/javascript"></script>
<script src="@Url.Content("~/Scripts/jquery.validate.unobtrusive.min.js")" type="text/javascript"></script>

@using (Html.BeginForm()) {
    @Html.ValidationSummary(false)
    <fieldset>
        <legend>Book</legend>
        <div class="editor-label">
            @Html.LabelFor(model => model.Name)
        </div>
        <div class="editor-field">
            @Html.EditorFor(model => model.Name)
            @Html.ValidationMessageFor(model => model.Name)
        </div>
        <p>
            <input type="submit" value="Create" />
        </p>
    </fieldset>
}