using System;

namespace Blah.Web.Models
{
    public class CreateBookViewModel
    {
		public long Id { get; set; }
		public string Name { get; set; }
    }
}